[backblue.gif]
[fade.gif]
[index.html]
[perso.univ-rennes1.fr/coralie.renault/Images/icon_noiraude.gif]
[perso.univ-rennes1.fr/coralie.renault/Images/Coco.jpg]
[perso.univ-rennes1.fr/coralie.renault/colle1.pdf]
[perso.univ-rennes1.fr/coralie.renault/colle3.pdf]
[perso.univ-rennes1.fr/coralie.renault/reduction.pdf]
[perso.univ-rennes1.fr/coralie.renault/reducsuite.pdf]
[perso.univ-rennes1.fr/coralie.renault/colle7.pdf]
[perso.univ-rennes1.fr/coralie.renault/colle8.pdf]
[perso.univ-rennes1.fr/coralie.renault/colle10.pdf]
[perso.univ-rennes1.fr/coralie.renault/colle11.pdf]
[perso.univ-rennes1.fr/coralie.renault/colle12.pdf]
[perso.univ-rennes1.fr/coralie.renault/colle13.pdf]
[perso.univ-rennes1.fr/coralie.renault/colle14.pdf]
[perso.univ-rennes1.fr/coralie.renault/colle15.pdf]
[perso.univ-rennes1.fr/coralie.renault/colle16.pdf]
[perso.univ-rennes1.fr/coralie.renault/colle18.pdf]
[perso.univ-rennes1.fr/coralie.renault/colle19.pdf]
[perso.univ-rennes1.fr/coralie.renault/colle20.pdf]
[perso.univ-rennes1.fr/coralie.renault/colle21.pdf]
[perso.univ-rennes1.fr/coralie.renault/colle 1bis.pdf]
[perso.univ-rennes1.fr/coralie.renault/colle2bis.pdf]
[perso.univ-rennes1.fr/coralie.renault/colle3bis.pdf]
[perso.univ-rennes1.fr/coralie.renault/colle4bis.pdf]
[perso.univ-rennes1.fr/coralie.renault/colle9bis.pdf]
[perso.univ-rennes1.fr/coralie.renault/colle10bis.pdf]
[perso.univ-rennes1.fr/coralie.renault/colle11bis.pdf]
[perso.univ-rennes1.fr/coralie.renault/colle12bis.pdf]
[perso.univ-rennes1.fr/coralie.renault/colle13bis.pdf]
[perso.univ-rennes1.fr/coralie.renault/colle14bis.pdf]
[perso.univ-rennes1.fr/coralie.renault/colle16bis.pdf]
[perso.univ-rennes1.fr/coralie.renault/colle17bis.pdf]
[perso.univ-rennes1.fr/coralie.renault/colle18bis.pdf]
[perso.univ-rennes1.fr/coralie.renault/colle19bis.pdf]
[perso.univ-rennes1.fr/coralie.renault/colle20bis.pdf]
[perso.univ-rennes1.fr/coralie.renault/colle21bis.pdf]
[perso.univ-rennes1.fr/coralie.renault/colle22bis.pdf]
[perso.univ-rennes1.fr/coralie.renault/sujet1.pdf]
[perso.univ-rennes1.fr/coralie.renault/sujet2.pdf]
[perso.univ-rennes1.fr/coralie.renault/sujet3.pdf]
[perso.univ-rennes1.fr/coralie.renault/sujet4.pdf]
[perso.univ-rennes1.fr/coralie.renault/sujet5.pdf]
[perso.univ-rennes1.fr/coralie.renault/sujet6.pdf]
[perso.univ-rennes1.fr/coralie.renault/sujet7.pdf]
[perso.univ-rennes1.fr/coralie.renault/sujet8.pdf]
[perso.univ-rennes1.fr/coralie.renault/sujet9.pdf]
[perso.univ-rennes1.fr/coralie.renault/sujet10.pdf]
[perso.univ-rennes1.fr/coralie.renault/sujet1bis.pdf]
[perso.univ-rennes1.fr/coralie.renault/Liste_Exos.pdf]
[perso.univ-rennes1.fr/coralie.renault/TDagreg1.pdf]
[perso.univ-rennes1.fr/coralie.renault/TD2.pdf]
[perso.univ-rennes1.fr/coralie.renault/TD3.pdf]
[perso.univ-rennes1.fr/coralie.renault/enseignement.html]
[perso.univ-rennes1.fr/coralie.renault/TP4.pdf]
[perso.univ-rennes1.fr/coralie.renault/Images/adresse.png]
[perso.univ-rennes1.fr/coralie.renault/index.html]
[perso.univ-rennes1.fr/coralie.renault/Cv_coralie_renault.pdf]
[perso.univ-rennes1.fr/coralie.renault/sii.pdf]
[perso.univ-rennes1.fr/coralie.renault/L3.pdf]
[perso.univ-rennes1.fr/coralie.renault/beamer.pdf]
[perso.univ-rennes1.fr/coralie.renault/stage2.pdf]
[perso.univ-rennes1.fr/coralie.renault/beamer2.pdf]
[perso.univ-rennes1.fr/coralie.renault/1607.05176v1.pdf]
[perso.univ-rennes1.fr/coralie.renault/1608.08464v1.pdf]
[perso.univ-rennes1.fr/coralie.renault/parcours.html]
[perso.univ-rennes1.fr/coralie.renault/agreg.html]
[perso.univ-rennes1.fr/coralie.renault/liens.html]
[perso.univ-rennes1.fr/coralie.renault/sujet2bis.html]
[perso.univ-rennes1.fr/coralie.renault/sujet3bis.html]
[perso.univ-rennes1.fr/coralie.renault/sujet4bis.html]
[perso.univ-rennes1.fr/coralie.renault/sujet5bis.html]
[perso.univ-rennes1.fr/coralie.renault/sujet6bis.html]
[perso.univ-rennes1.fr/coralie.renault/sujet7bis.html]
[perso.univ-rennes1.fr/coralie.renault/sujet8bis.html]
[perso.univ-rennes1.fr/coralie.renault/sujet9bis.html]
[perso.univ-rennes1.fr/coralie.renault/Images/totoro.png]
[perso.univ-rennes1.fr/coralie.renault/Images/totoro_bas.png]
[perso.univ-rennes1.fr/coralie.renault/Images/petitblanc.png]
[perso.univ-rennes1.fr/coralie.renault/style.css]
[perso.univ-rennes1.fr/coralie.renault/Images/petitblanc2.png]
[perso.univ-rennes1.fr/coralie.renault/index.html]
[perso.univ-rennes1.fr/coralie.renault/colle9.html]
[perso.univ-rennes1.fr/coralie.renault/colle 5bis.html]
[perso.univ-rennes1.fr/coralie.renault/colle 6bis.html]
[perso.univ-rennes1.fr/coralie.renault/colle 7bis.html]
[perso.univ-rennes1.fr/coralie.renault/colle 8bis.html]
[perso.univ-rennes1.fr/coralie.renault/colle15bis.html]
[perso.univ-rennes1.fr/coralie.renault/sujet2bis.html]
[perso.univ-rennes1.fr/coralie.renault/dev_magique.html]
[perso.univ-rennes1.fr/coralie.renault/sousgroupecompact.html]
