[www.normalesup.org/_sage/Colles/index.html]
[backblue.gif]
[fade.gif]
[index.html]
[www.normalesup.org/_sage/Colles/0Prelimin/index.html]
[www.normalesup.org/_sage/Colles/AlgComm/index.html]
[www.normalesup.org/_sage/Colles/AlgLin/index.html]
[www.normalesup.org/_sage/Colles/AnalRC1/index.html]
[www.normalesup.org/_sage/Colles/AnalRC2/index.html]
[www.normalesup.org/_sage/Colles/AnalVectFonc/index.html]
[www.normalesup.org/_sage/Colles/index.html]
[www.normalesup.org/_sage/Colles/Geom/index.html]
[www.normalesup.org/_sage/Colles/0Prelimin/IntroLog.pdf]
[www.normalesup.org/_sage/Colles/0Prelimin/LogWajsberg.pdf]
[www.normalesup.org/_sage/Colles/0Prelimin/LogNicod.pdf]
[www.normalesup.org/_sage/Colles/0Prelimin/EnsApp.pdf]
[www.normalesup.org/_sage/Colles/0Prelimin/InjSurj.pdf]
[www.normalesup.org/_sage/Colles/0Prelimin/Combinat.pdf]
[www.normalesup.org/_sage/Colles/0Prelimin/RelBin.pdf]
[www.normalesup.org/_sage/Colles/0Prelimin/DMstruct.pdf]
[www.normalesup.org/_sage/Colles/0Prelimin/Proba.pdf]
[www.normalesup.org/_sage/Colles/0Prelimin/AxioComp.pdf]
[www.normalesup.org/_sage/Colles/0Prelimin/AxioMat.pdf]
[www.normalesup.org/_sage/Colles/index-2.html]
[www.normalesup.org/_sage/Colles/0Prelimin/index.html]
[www.normalesup.org/_sage/Colles/AlgComm/ANO.pdf]
[www.normalesup.org/_sage/Colles/AlgComm/Arith.pdf]
[www.normalesup.org/_sage/Colles/AlgComm/Polynome1.pdf]
[www.normalesup.org/_sage/Colles/AlgComm/Polynom2.pdf]
[www.normalesup.org/_sage/Colles/AlgComm/index.html]
[www.normalesup.org/_sage/Colles/AlgLin/EspacesV.pdf]
[www.normalesup.org/_sage/Colles/AlgLin/TheoDim.pdf]
[www.normalesup.org/_sage/Colles/AlgLin/Matrices1.pdf]
[www.normalesup.org/_sage/Colles/AlgLin/Determin.pdf]
[www.normalesup.org/_sage/Colles/AlgLin/Reduc1.pdf]
[www.normalesup.org/_sage/Colles/AlgLin/Reduc2.pdf]
[www.normalesup.org/_sage/Colles/AlgLin/index.html]
[www.normalesup.org/_sage/Colles/AnalRC1/EqFonc.pdf]
[www.normalesup.org/_sage/Colles/AnalRC1/CompCalc.pdf]
[www.normalesup.org/_sage/Colles/AnalRC1/SuitesR.pdf]
[www.normalesup.org/_sage/Colles/AnalRC1/Continui.pdf]
[www.normalesup.org/_sage/Colles/AnalRC1/Derivati.pdf]
[www.normalesup.org/_sage/Colles/AnalRC1/FoncConv.pdf]
[www.normalesup.org/_sage/Colles/AnalRC1/Inegalit.pdf]
[www.normalesup.org/_sage/Colles/AnalRC1/index.html]
[www.normalesup.org/_sage/Colles/AnalRC2/Integrat.pdf]
[www.normalesup.org/_sage/Colles/AnalRC2/DLs.pdf]
[www.normalesup.org/_sage/Colles/AnalRC2/Series.pdf]
[www.normalesup.org/_sage/Colles/AnalRC2/IntegGen.pdf]
[www.normalesup.org/_sage/Colles/AnalRC2/index.html]
[www.normalesup.org/_sage/Colles/AnalVectFonc/Evn.pdf]
[www.normalesup.org/_sage/Colles/AnalVectFonc/Banach.pdf]
[www.normalesup.org/_sage/Colles/AnalVectFonc/TopoMat.pdf]
[www.normalesup.org/_sage/Colles/AnalVectFonc/index.html]
[www.normalesup.org/_sage/Colles/Geom/Groupes.pdf]
[www.normalesup.org/_sage/Colles/Geom/GpeSym.pdf]
[www.normalesup.org/_sage/Colles/Geom/GeomAffine.pdf]
[www.normalesup.org/_sage/Colles/Geom/EspPreHil.pdf]
[www.normalesup.org/_sage/Colles/Geom/FormQuad.pdf]
[www.normalesup.org/_sage/Colles/Geom/Coniques.pdf]
[www.normalesup.org/_sage/Colles/Geom/Diff.pdf]
[www.normalesup.org/_sage/Colles/Geom/index.html]
[www.normalesup.org/_sage/Colles/index-2.html]
[www.normalesup.org/_sage/Colles/0Prelimin/AxioPoly.html]
[www.normalesup.org/_sage/Colles/index-2.html]
